Archive member included to satisfy reference by file (symbol)

/home/cbeauduffe/eclipse/HardEclipseIDE/opt/gcc-arm-none-eabi-6-2017-q2-update/bin/../lib/gcc/arm-none-eabi/6.3.1/thumb/v6-m/libgcc.a(_thumb1_case_uqi.o)
                              ./system/src/stm32f0xx/stm32f0xx_hal_pcd.o (__gnu_thumb1_case_uqi)
/home/cbeauduffe/eclipse/HardEclipseIDE/opt/gcc-arm-none-eabi-6-2017-q2-update/bin/../lib/gcc/arm-none-eabi/6.3.1/thumb/v6-m/libgcc.a(_thumb1_case_uhi.o)
                              ./Middlewares/Src/usbd_ctlreq.o (__gnu_thumb1_case_uhi)
/home/cbeauduffe/eclipse/HardEclipseIDE/opt/gcc-arm-none-eabi-6-2017-q2-update/bin/../lib/gcc/arm-none-eabi/6.3.1/thumb/v6-m/libgcc.a(_udivsi3.o)
                              ./system/src/stm32f0xx/stm32f0xx_hal.o (__aeabi_uidiv)
/home/cbeauduffe/eclipse/HardEclipseIDE/opt/gcc-arm-none-eabi-6-2017-q2-update/bin/../lib/gcc/arm-none-eabi/6.3.1/thumb/v6-m/libgcc.a(_dvmd_tls.o)
                              /home/cbeauduffe/eclipse/HardEclipseIDE/opt/gcc-arm-none-eabi-6-2017-q2-update/bin/../lib/gcc/arm-none-eabi/6.3.1/thumb/v6-m/libgcc.a(_udivsi3.o) (__aeabi_idiv0)
/home/cbeauduffe/eclipse/HardEclipseIDE/opt/gcc-arm-none-eabi-6-2017-q2-update/bin/../lib/gcc/arm-none-eabi/6.3.1/thumb/v6-m/libgcc.a(_lshrdi3.o)
                              ./system/src/stm32f0xx/stm32f0xx_hal_flash.o (__aeabi_llsr)
/home/cbeauduffe/eclipse/HardEclipseIDE/opt/gcc-arm-none-eabi-6-2017-q2-update/bin/../lib/gcc/arm-none-eabi/6.3.1/thumb/v6-m/libgcc.a(unwind-arm.o)
                              ./system/src/newlib/_cxx.o (__aeabi_unwind_cpp_pr0)
/home/cbeauduffe/eclipse/HardEclipseIDE/opt/gcc-arm-none-eabi-6-2017-q2-update/bin/../lib/gcc/arm-none-eabi/6.3.1/thumb/v6-m/libgcc.a(libunwind.o)
                              /home/cbeauduffe/eclipse/HardEclipseIDE/opt/gcc-arm-none-eabi-6-2017-q2-update/bin/../lib/gcc/arm-none-eabi/6.3.1/thumb/v6-m/libgcc.a(unwind-arm.o) (restore_core_regs)
/home/cbeauduffe/eclipse/HardEclipseIDE/opt/gcc-arm-none-eabi-6-2017-q2-update/bin/../lib/gcc/arm-none-eabi/6.3.1/thumb/v6-m/libgcc.a(pr-support.o)
                              /home/cbeauduffe/eclipse/HardEclipseIDE/opt/gcc-arm-none-eabi-6-2017-q2-update/bin/../lib/gcc/arm-none-eabi/6.3.1/thumb/v6-m/libgcc.a(unwind-arm.o) (__gnu_unwind_execute)
/home/cbeauduffe/eclipse/HardEclipseIDE/opt/gcc-arm-none-eabi-6-2017-q2-update/bin/../lib/gcc/arm-none-eabi/6.3.1/../../../../arm-none-eabi/lib/thumb/v6-m/libg_nano.a(lib_a-errno.o)
                              ./system/src/newlib/_sbrk.o (__errno)
/home/cbeauduffe/eclipse/HardEclipseIDE/opt/gcc-arm-none-eabi-6-2017-q2-update/bin/../lib/gcc/arm-none-eabi/6.3.1/../../../../arm-none-eabi/lib/thumb/v6-m/libg_nano.a(lib_a-impure.o)
                              /home/cbeauduffe/eclipse/HardEclipseIDE/opt/gcc-arm-none-eabi-6-2017-q2-update/bin/../lib/gcc/arm-none-eabi/6.3.1/../../../../arm-none-eabi/lib/thumb/v6-m/libg_nano.a(lib_a-errno.o) (_impure_ptr)
/home/cbeauduffe/eclipse/HardEclipseIDE/opt/gcc-arm-none-eabi-6-2017-q2-update/bin/../lib/gcc/arm-none-eabi/6.3.1/../../../../arm-none-eabi/lib/thumb/v6-m/libg_nano.a(lib_a-init.o)
                              ./system/src/cmsis/startup_stm32f042x6.o (__libc_init_array)
/home/cbeauduffe/eclipse/HardEclipseIDE/opt/gcc-arm-none-eabi-6-2017-q2-update/bin/../lib/gcc/arm-none-eabi/6.3.1/../../../../arm-none-eabi/lib/thumb/v6-m/libg_nano.a(lib_a-memcpy-stub.o)
                              ./system/src/stm32f0xx/stm32f0xx_hal_rcc.o (memcpy)

Allocating common symbols
Common symbol       size              file

hUsbDeviceFS        0x224             ./Drivers/USB/Src/usb_device.o
errno               0x4               ./system/src/newlib/_syscalls.o
uwTick              0x4               ./system/src/stm32f0xx/stm32f0xx_hal.o
pFlash              0x20              ./system/src/stm32f0xx/stm32f0xx_hal_flash.o
hpcd_USB_FS         0x220             ./Drivers/USB/Src/usbd_conf.o
USBD_StrDesc        0x200             ./Drivers/USB/Src/usbd_desc.o

Discarded input sections

 .text          0x0000000000000000        0x0 ./system/src/stm32f0xx/stm32f0xx_hal.o
 .data          0x0000000000000000        0x0 ./system/src/stm32f0xx/stm32f0xx_hal.o
 .bss           0x0000000000000000        0x0 ./system/src/stm32f0xx/stm32f0xx_hal.o
 .text.HAL_MspInit
                0x0000000000000000        0x2 ./system/src/stm32f0xx/stm32f0xx_hal.o
 .text.HAL_MspDeInit
                0x0000000000000000        0x2 ./system/src/stm32f0xx/stm32f0xx_hal.o
 .text.HAL_DeInit
                0x0000000000000000       0x24 ./system/src/stm32f0xx/stm32f0xx_hal.o
 .text.HAL_SuspendTick
                0x0000000000000000       0x10 ./system/src/stm32f0xx/stm32f0xx_hal.o
 .text.HAL_ResumeTick
                0x0000000000000000       0x10 ./system/src/stm32f0xx/stm32f0xx_hal.o
 .text.HAL_GetHalVersion
                0x0000000000000000        0x8 ./system/src/stm32f0xx/stm32f0xx_hal.o
 .text.HAL_GetREVID
[...]
Memory Configuration

Name             Origin             Length             Attributes
FLASH            0x0000000008000000 0x0000000000003000 xr
DUCKRAW          0x0000000008003000 0x0000000000001000 r
RAM              0x0000000020000000 0x0000000000001800 xrw
CCMRAM           0x0000000010000000 0x0000000000000000 xrw
FLASHB1          0x0000000000000000 0x0000000000000000 xr
EXTMEMB0         0x0000000000000000 0x0000000000000000 xr
EXTMEMB1         0x0000000000000000 0x0000000000000000 xr
EXTMEMB2         0x0000000000000000 0x0000000000000000 xr
EXTMEMB3         0x0000000000000000 0x0000000000000000 xr
*default*        0x0000000000000000 0xffffffffffffffff

Linker script and memory map

LOAD ./system/src/stm32f0xx/stm32f0xx_hal.o
LOAD ./system/src/stm32f0xx/stm32f0xx_hal_cortex.o
LOAD ./system/src/stm32f0xx/stm32f0xx_hal_dma.o
LOAD ./system/src/stm32f0xx/stm32f0xx_hal_flash.o
LOAD ./system/src/stm32f0xx/stm32f0xx_hal_flash_ex.o
LOAD ./system/src/stm32f0xx/stm32f0xx_hal_gpio.o
LOAD ./system/src/stm32f0xx/stm32f0xx_hal_i2c.o
LOAD ./system/src/stm32f0xx/stm32f0xx_hal_i2c_ex.o
LOAD ./system/src/stm32f0xx/stm32f0xx_hal_pcd.o
LOAD ./system/src/stm32f0xx/stm32f0xx_hal_pcd_ex.o
LOAD ./system/src/stm32f0xx/stm32f0xx_hal_pwr.o
LOAD ./system/src/stm32f0xx/stm32f0xx_hal_pwr_ex.o
LOAD ./system/src/stm32f0xx/stm32f0xx_hal_rcc.o
LOAD ./system/src/stm32f0xx/stm32f0xx_hal_rcc_ex.o
LOAD ./system/src/stm32f0xx/stm32f0xx_hal_tim.o
LOAD ./system/src/stm32f0xx/stm32f0xx_hal_tim_ex.o
LOAD ./system/src/newlib/_cxx.o
LOAD ./system/src/newlib/_exit.o
LOAD ./system/src/newlib/_sbrk.o
LOAD ./system/src/newlib/_startup.o
LOAD ./system/src/newlib/_syscalls.o
LOAD ./system/src/newlib/assert.o
LOAD ./system/src/diag/Trace.o
LOAD ./system/src/diag/trace_impl.o
LOAD ./system/src/cortexm/_initialize_hardware.o
LOAD ./system/src/cortexm/_reset_hardware.o
LOAD ./system/src/cortexm/exception_handlers.o
LOAD ./system/src/cmsis/startup_stm32f042x6.o
LOAD ./system/src/cmsis/system_stm32f0xx.o
LOAD ./src/init.o
LOAD ./src/main.o
LOAD ./src/stm32f0xx_hal_msp.o
LOAD ./src/stm32f0xx_it.o
LOAD ./src/usb.o
LOAD ./Middlewares/Src/usbd_core.o
LOAD ./Middlewares/Src/usbd_ctlreq.o
LOAD ./Middlewares/Src/usbd_hid.o
LOAD ./Middlewares/Src/usbd_ioreq.o
LOAD ./Drivers/USB/Src/usb_device.o
LOAD ./Drivers/USB/Src/usbd_conf.o
LOAD ./Drivers/USB/Src/usbd_desc.o
LOAD /home/cbeauduffe/eclipse/HardEclipseIDE/opt/gcc-arm-none-eabi-6-2017-q2-update/bin/../lib/gcc/arm-none-eabi/6.3.1/../../../../arm-none-eabi/lib/thumb/v6-m/libstdc++_nano.a
LOAD /home/cbeauduffe/eclipse/HardEclipseIDE/opt/gcc-arm-none-eabi-6-2017-q2-update/bin/../lib/gcc/arm-none-eabi/6.3.1/../../../../arm-none-eabi/lib/thumb/v6-m/libm.a
START GROUP
LOAD /home/cbeauduffe/eclipse/HardEclipseIDE/opt/gcc-arm-none-eabi-6-2017-q2-update/bin/../lib/gcc/arm-none-eabi/6.3.1/thumb/v6-m/libgcc.a
LOAD /home/cbeauduffe/eclipse/HardEclipseIDE/opt/gcc-arm-none-eabi-6-2017-q2-update/bin/../lib/gcc/arm-none-eabi/6.3.1/../../../../arm-none-eabi/lib/thumb/v6-m/libg_nano.a
LOAD /home/cbeauduffe/eclipse/HardEclipseIDE/opt/gcc-arm-none-eabi-6-2017-q2-update/bin/../lib/gcc/arm-none-eabi/6.3.1/../../../../arm-none-eabi/lib/thumb/v6-m/libc_nano.a
END GROUP
START GROUP
LOAD /home/cbeauduffe/eclipse/HardEclipseIDE/opt/gcc-arm-none-eabi-6-2017-q2-update/bin/../lib/gcc/arm-none-eabi/6.3.1/thumb/v6-m/libgcc.a
LOAD /home/cbeauduffe/eclipse/HardEclipseIDE/opt/gcc-arm-none-eabi-6-2017-q2-update/bin/../lib/gcc/arm-none-eabi/6.3.1/../../../../arm-none-eabi/lib/thumb/v6-m/libc_nano.a
END GROUP
                0x0000000020001800                __stack = (ORIGIN (RAM) + LENGTH (RAM))
                0x0000000020001800                _estack = __stack
                0x0000000000000400                __Main_Stack_Size = 0x400
                [!provide]                        PROVIDE (_Main_Stack_Size, __Main_Stack_Size)
                0x0000000020001400                __Main_Stack_Limit = (__stack - __Main_Stack_Size)
                [!provide]                        PROVIDE (_Main_Stack_Limit, __Main_Stack_Limit)
                0x0000000000000100                _Minimum_Stack_Size = 0x100
                0x0000000020000744                PROVIDE (_Heap_Begin, _end_noinit)
                0x0000000020001400                PROVIDE (_Heap_Limit, (__stack - __Main_Stack_Size))

.isr_vector     0x0000000008000000      0x1a8
 FILL mask 0xff
                0x0000000008000000                __vectors_start = ABSOLUTE (.)
                0x0000000008000000                __vectors_start__ = ABSOLUTE (.)
 *(.isr_vector)
 .isr_vector    0x0000000008000000       0xc0 ./system/src/cmsis/startup_stm32f042x6.o
                0x0000000008000000                g_pfnVectors
 *(.cfmconfig)
 *(.after_vectors .after_vectors.*)
 .after_vectors
                0x00000000080000c0       0xb8 ./system/src/newlib/_startup.o
                0x00000000080000c0                _start
 .after_vectors
                0x0000000008000178       0x30 ./system/src/cortexm/exception_handlers.o
                0x0000000008000178                Reset_Handler
                0x0000000008000196                HardFault_Handler_C

.inits          0x00000000080001a8       0x28
                0x00000000080001a8                __data_regions_array_start = .
                0x00000000080001a8        0x4 LONG 0x80029cc LOADADDR (.data)
                0x00000000080001ac        0x4 LONG 0x20000000 ADDR (.data)
                0x00000000080001b0        0x4 LONG 0x200000e4 (ADDR (.data) + SIZEOF (.data))
                0x00000000080001b4        0x4 LONG 0x80029cc LOADADDR (.data_CCMRAM)
                0x00000000080001b8        0x4 LONG 0x10000000 ADDR (.data_CCMRAM)
                0x00000000080001bc        0x4 LONG 0x10000000 (ADDR (.data_CCMRAM) + SIZEOF (.data_CCMRAM))
                0x00000000080001c0                __data_regions_array_end = .
                0x00000000080001c0                __bss_regions_array_start = .
                0x00000000080001c0        0x4 LONG 0x200000e4 ADDR (.bss)
                0x00000000080001c4        0x4 LONG 0x20000744 (ADDR (.bss) + SIZEOF (.bss))
                0x00000000080001c8        0x4 LONG 0x10000000 ADDR (.bss_CCMRAM)
                0x00000000080001cc        0x4 LONG 0x10000000 (ADDR (.bss_CCMRAM) + SIZEOF (.bss_CCMRAM))
                0x00000000080001d0                __bss_regions_array_end = .
 *(.init)
 *(.fini)
                0x00000000080001d0                . = ALIGN (0x4)
                0x00000000080001d0                PROVIDE (__preinit_array_start, .)
 *(.preinit_array_sysinit .preinit_array_sysinit.*)
 *(.preinit_array_platform .preinit_array_platform.*)
 *(.preinit_array .preinit_array.*)
                0x00000000080001d0                PROVIDE (__preinit_array_end, .)
                0x00000000080001d0                . = ALIGN (0x4)
                0x00000000080001d0                PROVIDE (__init_array_start, .)
 *(SORT(.init_array.*))
 *(.init_array)
                0x00000000080001d0                PROVIDE (__init_array_end, .)
                0x00000000080001d0                . = ALIGN (0x4)
                0x00000000080001d0                PROVIDE (__fini_array_start, .)
 *(SORT(.fini_array.*))
 *(.fini_array)
                0x00000000080001d0                PROVIDE (__fini_array_end, .)

.flashtext
 *(.flashtext .flashtext.*)

.text           0x00000000080001d0     0x27f9
 *(.text .text.*)
 .text.HAL_InitTick
                0x00000000080001d0       0x24 ./system/src/stm32f0xx/stm32f0xx_hal.o
                0x00000000080001d0                HAL_InitTick
 .text.HAL_Init
                0x00000000080001f4       0x20 ./system/src/stm32f0xx/stm32f0xx_hal.o
                0x00000000080001f4                HAL_Init
 .text.HAL_IncTick
                0x0000000008000214       0x10 ./system/src/stm32f0xx/stm32f0xx_hal.o
                0x0000000008000214                HAL_IncTick
 .text.HAL_GetTick
                0x0000000008000224        0xc ./system/src/stm32f0xx/stm32f0xx_hal.o
                0x0000000008000224                HAL_GetTick
 .text.HAL_Delay
                0x0000000008000230       0x20 ./system/src/stm32f0xx/stm32f0xx_hal.o
                0x0000000008000230                HAL_Delay
 .text.HAL_NVIC_SetPriority
                0x0000000008000250       0x60 ./system/src/stm32f0xx/stm32f0xx_hal_cortex.o
                0x0000000008000250                HAL_NVIC_SetPriority
 .text.HAL_NVIC_EnableIRQ
                0x00000000080002b0       0x14 ./system/src/stm32f0xx/stm32f0xx_hal_cortex.o
                0x00000000080002b0                HAL_NVIC_EnableIRQ
 .text.HAL_SYSTICK_Config
                0x00000000080002c4       0x34 ./system/src/stm32f0xx/stm32f0xx_hal_cortex.o
                0x00000000080002c4                HAL_SYSTICK_Config
 .text.HAL_SYSTICK_CLKSourceConfig
                0x00000000080002f8       0x1c ./system/src/stm32f0xx/stm32f0xx_hal_cortex.o
                0x00000000080002f8                HAL_SYSTICK_CLKSourceConfig
 .text.HAL_SYSTICK_Callback
                0x0000000008000314        0x2 ./system/src/stm32f0xx/stm32f0xx_hal_cortex.o
                0x0000000008000314                HAL_SYSTICK_Callback
 .text.HAL_SYSTICK_IRQHandler
                0x0000000008000316        0x8 ./system/src/stm32f0xx/stm32f0xx_hal_cortex.o
                0x0000000008000316                HAL_SYSTICK_IRQHandler
 *fill*         0x000000000800031e        0x2 
 .text.HAL_GPIO_Init
                0x0000000008000320      0x14c ./system/src/stm32f0xx/stm32f0xx_hal_gpio.o
                0x0000000008000320                HAL_GPIO_Init
 .text.HAL_GPIO_WritePin
                0x000000000800046c        0xc ./system/src/stm32f0xx/stm32f0xx_hal_gpio.o
                0x000000000800046c                HAL_GPIO_WritePin
 .text.HAL_GPIO_TogglePin
                0x0000000008000478        0x8 ./system/src/stm32f0xx/stm32f0xx_hal_gpio.o
                0x0000000008000478                HAL_GPIO_TogglePin
 .text.HAL_PCD_Init
                0x0000000008000480       0x8c ./system/src/stm32f0xx/stm32f0xx_hal_pcd.o
                0x0000000008000480                HAL_PCD_Init
 .text.HAL_PCD_Start
                0x000000000800050c       0x12 ./system/src/stm32f0xx/stm32f0xx_hal_pcd.o
                0x000000000800050c                HAL_PCD_Start
 .text.HAL_PCD_SetAddress
                0x000000000800051e       0x2c ./system/src/stm32f0xx/stm32f0xx_hal_pcd.o
                0x000000000800051e                HAL_PCD_SetAddress
 *fill*         0x000000000800054a        0x2 
 .text.HAL_PCD_EP_Open
                0x000000000800054c      0x29c ./system/src/stm32f0xx/stm32f0xx_hal_pcd.o
                0x000000000800054c                HAL_PCD_EP_Open
 .text.HAL_PCD_EP_Close
                0x00000000080007e8      0x140 ./system/src/stm32f0xx/stm32f0xx_hal_pcd.o
                0x00000000080007e8                HAL_PCD_EP_Close
 .text.HAL_PCD_EP_Receive
                0x0000000008000928      0x140 ./system/src/stm32f0xx/stm32f0xx_hal_pcd.o
                0x0000000008000928                HAL_PCD_EP_Receive
 .text.HAL_PCD_EP_SetStall
                0x0000000008000a68       0x94 ./system/src/stm32f0xx/stm32f0xx_hal_pcd.o
                0x0000000008000a68                HAL_PCD_EP_SetStall
 .text.HAL_PCD_EP_ClrStall
                0x0000000008000afc       0xb4 ./system/src/stm32f0xx/stm32f0xx_hal_pcd.o
                0x0000000008000afc                HAL_PCD_EP_ClrStall
 .text.PCD_WritePMA
                0x0000000008000bb0       0x28 ./system/src/stm32f0xx/stm32f0xx_hal_pcd.o
                0x0000000008000bb0                PCD_WritePMA
 .text.HAL_PCD_EP_Transmit
                0x0000000008000bd8      0x1c0 ./system/src/stm32f0xx/stm32f0xx_hal_pcd.o
                0x0000000008000bd8                HAL_PCD_EP_Transmit
 .text.PCD_ReadPMA
                0x0000000008000d98       0x34 ./system/src/stm32f0xx/stm32f0xx_hal_pcd.o
                0x0000000008000d98                PCD_ReadPMA
 .text.HAL_PCD_IRQHandler
                0x0000000008000dcc      0x474 ./system/src/stm32f0xx/stm32f0xx_hal_pcd.o
                0x0000000008000dcc                HAL_PCD_IRQHandler
 .text.HAL_PCDEx_PMAConfig
                0x0000000008001240       0x32 ./system/src/stm32f0xx/stm32f0xx_hal_pcd_ex.o
                0x0000000008001240                HAL_PCDEx_PMAConfig
 *fill*         0x0000000008001272        0x2 
 .text.HAL_RCC_OscConfig
                0x0000000008001274      0x438 ./system/src/stm32f0xx/stm32f0xx_hal_rcc.o
                0x0000000008001274                HAL_RCC_OscConfig
 .text.HAL_RCC_GetSysClockFreq
                0x00000000080016ac       0x78 ./system/src/stm32f0xx/stm32f0xx_hal_rcc.o
                0x00000000080016ac                HAL_RCC_GetSysClockFreq
 .text.HAL_RCC_ClockConfig
                0x0000000008001724      0x15c ./system/src/stm32f0xx/stm32f0xx_hal_rcc.o
                0x0000000008001724                HAL_RCC_ClockConfig
 .text.HAL_RCC_GetHCLKFreq
                0x0000000008001880        0xc ./system/src/stm32f0xx/stm32f0xx_hal_rcc.o
                0x0000000008001880                HAL_RCC_GetHCLKFreq
 .text.HAL_RCCEx_PeriphCLKConfig
                0x000000000800188c      0x128 ./system/src/stm32f0xx/stm32f0xx_hal_rcc_ex.o
                0x000000000800188c                HAL_RCCEx_PeriphCLKConfig
 .text._exit    0x00000000080019b4        0x6 ./system/src/newlib/_exit.o
                0x00000000080019b4                _exit
 *fill*         0x00000000080019ba        0x2 
 .text.__initialize_args
                0x00000000080019bc       0x10 ./system/src/newlib/_syscalls.o
                0x00000000080019bc                __initialize_args
 .text.__initialize_hardware_early
                0x00000000080019cc        0x8 ./system/src/cortexm/_initialize_hardware.o
                0x00000000080019cc                __initialize_hardware_early
 .text.__initialize_hardware
                0x00000000080019d4        0x8 ./system/src/cortexm/_initialize_hardware.o
                0x00000000080019d4                __initialize_hardware
 .text.__reset_hardware
                0x00000000080019dc       0x1c ./system/src/cortexm/_reset_hardware.o
                0x00000000080019dc                __reset_hardware
 .text.Default_Handler
                0x00000000080019f8        0x2 ./system/src/cmsis/startup_stm32f042x6.o
                0x00000000080019f8                TIM1_CC_IRQHandler
                0x00000000080019f8                TSC_IRQHandler
                0x00000000080019f8                I2C1_IRQHandler
                0x00000000080019f8                RCC_CRS_IRQHandler
                0x00000000080019f8                SPI1_IRQHandler
                0x00000000080019f8                EXTI2_3_IRQHandler
                0x00000000080019f8                ADC1_IRQHandler
                0x00000000080019f8                TIM17_IRQHandler
                0x00000000080019f8                CEC_CAN_IRQHandler
                0x00000000080019f8                RTC_IRQHandler
                0x00000000080019f8                PVD_VDDIO2_IRQHandler
                0x00000000080019f8                TIM16_IRQHandler
                0x00000000080019f8                TIM3_IRQHandler
                0x00000000080019f8                EXTI4_15_IRQHandler
                0x00000000080019f8                DMA1_Channel1_IRQHandler
                0x00000000080019f8                Default_Handler
                0x00000000080019f8                TIM14_IRQHandler
                0x00000000080019f8                DMA1_Channel4_5_IRQHandler
                0x00000000080019f8                EXTI0_1_IRQHandler
                0x00000000080019f8                SPI2_IRQHandler
                0x00000000080019f8                WWDG_IRQHandler
                0x00000000080019f8                TIM2_IRQHandler
                0x00000000080019f8                DMA1_Channel2_3_IRQHandler
                0x00000000080019f8                USART2_IRQHandler
                0x00000000080019f8                FLASH_IRQHandler
                0x00000000080019f8                USART1_IRQHandler
                0x00000000080019f8                TIM1_BRK_UP_TRG_COM_IRQHandler
 *fill*         0x00000000080019fa        0x2 
 .text.SystemInit
                0x00000000080019fc       0x60 ./system/src/cmsis/system_stm32f0xx.o
                0x00000000080019fc                SystemInit
 .text.SystemCoreClockUpdate
                0x0000000008001a5c       0x74 ./system/src/cmsis/system_stm32f0xx.o
                0x0000000008001a5c                SystemCoreClockUpdate
 .text.SystemClock_Config
                0x0000000008001ad0       0x5e ./src/init.o
                0x0000000008001ad0                SystemClock_Config
 *fill*         0x0000000008001b2e        0x2 
 .text.init     0x0000000008001b30       0x58 ./src/init.o
                0x0000000008001b30                init
 .text.startup.main
                0x0000000008001b88       0x54 ./src/main.o
                0x0000000008001b88                main
 .text.HAL_MspInit
                0x0000000008001bdc       0x4c ./src/stm32f0xx_hal_msp.o
                0x0000000008001bdc                HAL_MspInit
 .text.NMI_Handler
                0x0000000008001c28        0x2 ./src/stm32f0xx_it.o
                0x0000000008001c28                NMI_Handler
 .text.HardFault_Handler
                0x0000000008001c2a        0x2 ./src/stm32f0xx_it.o
                0x0000000008001c2a                HardFault_Handler
 .text.SVC_Handler
                0x0000000008001c2c        0x2 ./src/stm32f0xx_it.o
                0x0000000008001c2c                SVC_Handler
 .text.PendSV_Handler
                0x0000000008001c2e        0x2 ./src/stm32f0xx_it.o
                0x0000000008001c2e                PendSV_Handler
 .text.SysTick_Handler
                0x0000000008001c30        0xc ./src/stm32f0xx_it.o
                0x0000000008001c30                SysTick_Handler
 .text.USB_IRQHandler
                0x0000000008001c3c       0x10 ./src/stm32f0xx_it.o
                0x0000000008001c3c                USB_IRQHandler
 .text.USB_init
                0x0000000008001c4c        0x8 ./src/usb.o
                0x0000000008001c4c                USB_init
 .text.USB_send_char
                0x0000000008001c54       0x40 ./src/usb.o
                0x0000000008001c54                USB_send_char
 .text.USBD_Init
                0x0000000008001c94       0x34 ./Middlewares/Src/usbd_core.o
                0x0000000008001c94                USBD_Init
 .text.USBD_RegisterClass
                0x0000000008001cc8       0x12 ./Middlewares/Src/usbd_core.o
                0x0000000008001cc8                USBD_RegisterClass
 .text.USBD_Start
                0x0000000008001cda        0xa ./Middlewares/Src/usbd_core.o
                0x0000000008001cda                USBD_Start
 .text.USBD_SetClassConfig
                0x0000000008001ce4       0x1a ./Middlewares/Src/usbd_core.o
                0x0000000008001ce4                USBD_SetClassConfig
 .text.USBD_ClrClassConfig
                0x0000000008001cfe       0x10 ./Middlewares/Src/usbd_core.o
                0x0000000008001cfe                USBD_ClrClassConfig
 *fill*         0x0000000008001d0e        0x2 
 .text.USBD_LL_SetupStage
                0x0000000008001d10       0x68 ./Middlewares/Src/usbd_core.o
                0x0000000008001d10                USBD_LL_SetupStage
 .text.USBD_LL_DataOutStage
                0x0000000008001d78       0x74 ./Middlewares/Src/usbd_core.o
                0x0000000008001d78                USBD_LL_DataOutStage
 .text.USBD_LL_DataInStage
                0x0000000008001dec       0xac ./Middlewares/Src/usbd_core.o
                0x0000000008001dec                USBD_LL_DataInStage
 .text.USBD_LL_Reset
                0x0000000008001e98       0x46 ./Middlewares/Src/usbd_core.o
                0x0000000008001e98                USBD_LL_Reset
 .text.USBD_LL_SetSpeed
                0x0000000008001ede        0x6 ./Middlewares/Src/usbd_core.o
                0x0000000008001ede                USBD_LL_SetSpeed
 .text.USBD_LL_Suspend
                0x0000000008001ee4       0x16 ./Middlewares/Src/usbd_core.o
                0x0000000008001ee4                USBD_LL_Suspend
 .text.USBD_LL_Resume
                0x0000000008001efa        0xe ./Middlewares/Src/usbd_core.o
                0x0000000008001efa                USBD_LL_Resume
 .text.USBD_LL_SOF
                0x0000000008001f08       0x1e ./Middlewares/Src/usbd_core.o
                0x0000000008001f08                USBD_LL_SOF
 .text.USBD_CtlError.constprop.0
                0x0000000008001f26       0x14 ./Middlewares/Src/usbd_ctlreq.o
 *fill*         0x0000000008001f3a        0x2 
 .text.USBD_StdDevReq
                0x0000000008001f3c      0x224 ./Middlewares/Src/usbd_ctlreq.o
                0x0000000008001f3c                USBD_StdDevReq
 .text.USBD_StdItfReq
                0x0000000008002160       0x38 ./Middlewares/Src/usbd_ctlreq.o
                0x0000000008002160                USBD_StdItfReq
 .text.USBD_StdEPReq
                0x0000000008002198       0xdc ./Middlewares/Src/usbd_ctlreq.o
                0x0000000008002198                USBD_StdEPReq
 .text.USBD_ParseSetupRequest
                0x0000000008002274       0x28 ./Middlewares/Src/usbd_ctlreq.o
                0x0000000008002274                USBD_ParseSetupRequest
 .text.USBD_CtlError
                0x000000000800229c       0x14 ./Middlewares/Src/usbd_ctlreq.o
                0x000000000800229c                USBD_CtlError
 .text.USBD_GetString
                0x00000000080022b0       0x3c ./Middlewares/Src/usbd_ctlreq.o
                0x00000000080022b0                USBD_GetString
 .text.USBD_HID_GetCfgDesc
                0x00000000080022ec        0xc ./Middlewares/Src/usbd_hid.o
 .text.USBD_HID_DataIn
                0x00000000080022f8        0xc ./Middlewares/Src/usbd_hid.o
 .text.USBD_HID_GetDeviceQualifierDesc
                0x0000000008002304        0xc ./Middlewares/Src/usbd_hid.o
 .text.USBD_HID_Setup
                0x0000000008002310       0xb0 ./Middlewares/Src/usbd_hid.o
 .text.USBD_HID_DeInit
                0x00000000080023c0       0x20 ./Middlewares/Src/usbd_hid.o
 .text.USBD_HID_Init
                0x00000000080023e0       0x28 ./Middlewares/Src/usbd_hid.o
 .text.USBD_HID_SendReport
                0x0000000008002408       0x2a ./Middlewares/Src/usbd_hid.o
                0x0000000008002408                USBD_HID_SendReport
 .text.USBD_CtlSendData
                0x0000000008002432       0x1c ./Middlewares/Src/usbd_ioreq.o
                0x0000000008002432                USBD_CtlSendData
 .text.USBD_CtlContinueSendData
                0x000000000800244e       0x10 ./Middlewares/Src/usbd_ioreq.o
                0x000000000800244e                USBD_CtlContinueSendData
 .text.USBD_CtlContinueRx
                0x000000000800245e       0x10 ./Middlewares/Src/usbd_ioreq.o
                0x000000000800245e                USBD_CtlContinueRx
 .text.USBD_CtlSendStatus
                0x000000000800246e       0x18 ./Middlewares/Src/usbd_ioreq.o
                0x000000000800246e                USBD_CtlSendStatus
 .text.USBD_CtlReceiveStatus
                0x0000000008002486       0x18 ./Middlewares/Src/usbd_ioreq.o
                0x0000000008002486                USBD_CtlReceiveStatus
 *fill*         0x000000000800249e        0x2 
 .text.MX_USB_DEVICE_Init
                0x00000000080024a0       0x2c ./Drivers/USB/Src/usb_device.o
                0x00000000080024a0                MX_USB_DEVICE_Init
 .text.HAL_PCD_MspInit
                0x00000000080024cc       0x38 ./Drivers/USB/Src/usbd_conf.o
                0x00000000080024cc                HAL_PCD_MspInit
 .text.HAL_PCD_SetupStageCallback
                0x0000000008002504       0x14 ./Drivers/USB/Src/usbd_conf.o
                0x0000000008002504                HAL_PCD_SetupStageCallback
 .text.HAL_PCD_DataOutStageCallback
                0x0000000008002518       0x18 ./Drivers/USB/Src/usbd_conf.o
                0x0000000008002518                HAL_PCD_DataOutStageCallback
 .text.HAL_PCD_DataInStageCallback
                0x0000000008002530       0x16 ./Drivers/USB/Src/usbd_conf.o
                0x0000000008002530                HAL_PCD_DataInStageCallback
 .text.HAL_PCD_SOFCallback
                0x0000000008002546        0xe ./Drivers/USB/Src/usbd_conf.o
                0x0000000008002546                HAL_PCD_SOFCallback
 .text.HAL_PCD_ResetCallback
                0x0000000008002554       0x18 ./Drivers/USB/Src/usbd_conf.o
                0x0000000008002554                HAL_PCD_ResetCallback
 .text.HAL_PCD_SuspendCallback
                0x000000000800256c       0x24 ./Drivers/USB/Src/usbd_conf.o
                0x000000000800256c                HAL_PCD_SuspendCallback
 .text.HAL_PCD_ResumeCallback
                0x0000000008002590       0x28 ./Drivers/USB/Src/usbd_conf.o
                0x0000000008002590                HAL_PCD_ResumeCallback
 .text.USBD_LL_Init
                0x00000000080025b8       0x60 ./Drivers/USB/Src/usbd_conf.o
                0x00000000080025b8                USBD_LL_Init
 .text.USBD_LL_Start
                0x0000000008002618       0x20 ./Drivers/USB/Src/usbd_conf.o
                0x0000000008002618                USBD_LL_Start
 .text.USBD_LL_OpenEP
                0x0000000008002638       0x24 ./Drivers/USB/Src/usbd_conf.o
                0x0000000008002638                USBD_LL_OpenEP
 .text.USBD_LL_CloseEP
                0x000000000800265c       0x20 ./Drivers/USB/Src/usbd_conf.o
                0x000000000800265c                USBD_LL_CloseEP
 .text.USBD_LL_StallEP
                0x000000000800267c       0x20 ./Drivers/USB/Src/usbd_conf.o
                0x000000000800267c                USBD_LL_StallEP
 .text.USBD_LL_ClearStallEP
                0x000000000800269c       0x20 ./Drivers/USB/Src/usbd_conf.o
                0x000000000800269c                USBD_LL_ClearStallEP
 .text.USBD_LL_IsStallEP
                0x00000000080026bc       0x26 ./Drivers/USB/Src/usbd_conf.o
                0x00000000080026bc                USBD_LL_IsStallEP
 *fill*         0x00000000080026e2        0x2 
 .text.USBD_LL_SetUSBAddress
                0x00000000080026e4       0x20 ./Drivers/USB/Src/usbd_conf.o
                0x00000000080026e4                USBD_LL_SetUSBAddress
 .text.USBD_LL_Transmit
                0x0000000008002704       0x20 ./Drivers/USB/Src/usbd_conf.o
                0x0000000008002704                USBD_LL_Transmit
 .text.USBD_LL_PrepareReceive
                0x0000000008002724       0x20 ./Drivers/USB/Src/usbd_conf.o
                0x0000000008002724                USBD_LL_PrepareReceive
 .text.USBD_static_malloc
                0x0000000008002744        0x8 ./Drivers/USB/Src/usbd_conf.o
                0x0000000008002744                USBD_static_malloc
 .text.USBD_static_free
                0x000000000800274c        0x2 ./Drivers/USB/Src/usbd_conf.o
                0x000000000800274c                USBD_static_free
 *fill*         0x000000000800274e        0x2 
 .text.USBD_FS_DeviceDescriptor
                0x0000000008002750        0xc ./Drivers/USB/Src/usbd_desc.o
                0x0000000008002750                USBD_FS_DeviceDescriptor
 .text.USBD_FS_LangIDStrDescriptor
                0x000000000800275c        0xc ./Drivers/USB/Src/usbd_desc.o
                0x000000000800275c                USBD_FS_LangIDStrDescriptor
 .text.USBD_FS_ManufacturerStrDescriptor
                0x0000000008002768       0x1c ./Drivers/USB/Src/usbd_desc.o
                0x0000000008002768                USBD_FS_ManufacturerStrDescriptor
 .text.USBD_FS_ProductStrDescriptor
                0x0000000008002784       0x1c ./Drivers/USB/Src/usbd_desc.o
                0x0000000008002784                USBD_FS_ProductStrDescriptor
 .text.USBD_FS_SerialStrDescriptor
                0x00000000080027a0       0x1c ./Drivers/USB/Src/usbd_desc.o
                0x00000000080027a0                USBD_FS_SerialStrDescriptor
 .text.USBD_FS_ConfigStrDescriptor
                0x00000000080027bc       0x1c ./Drivers/USB/Src/usbd_desc.o
                0x00000000080027bc                USBD_FS_ConfigStrDescriptor
 .text.USBD_FS_InterfaceStrDescriptor
                0x00000000080027d8       0x1c ./Drivers/USB/Src/usbd_desc.o
                0x00000000080027d8                USBD_FS_InterfaceStrDescriptor
 .text          0x00000000080027f4       0x14 /home/cbeauduffe/eclipse/HardEclipseIDE/opt/gcc-arm-none-eabi-6-2017-q2-update/bin/../lib/gcc/arm-none-eabi/6.3.1/thumb/v6-m/libgcc.a(_thumb1_case_uqi.o)
                0x00000000080027f4                __gnu_thumb1_case_uqi
 .text          0x0000000008002808       0x14 /home/cbeauduffe/eclipse/HardEclipseIDE/opt/gcc-arm-none-eabi-6-2017-q2-update/bin/../lib/gcc/arm-none-eabi/6.3.1/thumb/v6-m/libgcc.a(_thumb1_case_uhi.o)
                0x0000000008002808                __gnu_thumb1_case_uhi
 .text          0x000000000800281c      0x114 /home/cbeauduffe/eclipse/HardEclipseIDE/opt/gcc-arm-none-eabi-6-2017-q2-update/bin/../lib/gcc/arm-none-eabi/6.3.1/thumb/v6-m/libgcc.a(_udivsi3.o)
                0x000000000800281c                __udivsi3
                0x000000000800281c                __aeabi_uidiv
                0x0000000008002928                __aeabi_uidivmod
 .text          0x0000000008002930        0x4 /home/cbeauduffe/eclipse/HardEclipseIDE/opt/gcc-arm-none-eabi-6-2017-q2-update/bin/../lib/gcc/arm-none-eabi/6.3.1/thumb/v6-m/libgcc.a(_dvmd_tls.o)
                0x0000000008002930                __aeabi_ldiv0
                0x0000000008002930                __aeabi_idiv0
 .text.memcpy   0x0000000008002934       0x12 /home/cbeauduffe/eclipse/HardEclipseIDE/opt/gcc-arm-none-eabi-6-2017-q2-update/bin/../lib/gcc/arm-none-eabi/6.3.1/../../../../arm-none-eabi/lib/thumb/v6-m/libg_nano.a(lib_a-memcpy-stub.o)
                0x0000000008002934                memcpy
 *(.rodata .rodata.* .constdata .constdata.*)
 .rodata        0x0000000008002946       0x20 ./system/src/stm32f0xx/stm32f0xx_hal_rcc.o
 .rodata.AHBPrescTable
                0x0000000008002966       0x10 ./system/src/cmsis/system_stm32f0xx.o
                0x0000000008002966                AHBPrescTable
 .rodata.CSWTCH.40
                0x0000000008002976        0x4 ./Drivers/USB/Src/usbd_conf.o
 .rodata.USBD_FS_ConfigStrDescriptor.str1.1
                0x000000000800297a        0xb ./Drivers/USB/Src/usbd_desc.o
 .rodata.USBD_FS_InterfaceStrDescriptor.str1.1
                0x0000000008002985        0xe ./Drivers/USB/Src/usbd_desc.o
 .rodata.USBD_FS_ManufacturerStrDescriptor.str1.1
                0x0000000008002993       0x13 ./Drivers/USB/Src/usbd_desc.o
 .rodata.USBD_FS_ProductStrDescriptor.str1.1
                0x00000000080029a6       0x16 ./Drivers/USB/Src/usbd_desc.o
 .rodata.USBD_FS_SerialStrDescriptor.str1.1
                0x00000000080029bc        0xd ./Drivers/USB/Src/usbd_desc.o
 *(vtable)
 *(.eh_frame*)
 *(.glue_7)
 .glue_7        0x00000000080029c9        0x0 linker stubs
 *(.glue_7t)
 .glue_7t       0x00000000080029c9        0x0 linker stubs

.vfp11_veneer   0x00000000080029cc        0x0
 .vfp11_veneer  0x00000000080029cc        0x0 linker stubs

.v4_bx          0x00000000080029cc        0x0
 .v4_bx         0x00000000080029cc        0x0 linker stubs

.iplt           0x00000000080029cc        0x0
 .iplt          0x00000000080029cc        0x0 ./system/src/stm32f0xx/stm32f0xx_hal.o

.rel.dyn        0x00000000080029cc        0x0
 .rel.iplt      0x00000000080029cc        0x0 ./system/src/stm32f0xx/stm32f0xx_hal.o

.duckraw        0x0000000008003000     0x1000
                0x0000000008003000                . = ALIGN (0x4)
 *(.duckraw)
 .duckraw       0x0000000008003000        0x3 ./src/main.o
                0x0000000008003000                duckraw
 FILL mask 0xff
                0x0000000000001000                . = LENGTH (DUCKRAW)
 *fill*         0x0000000008003003      0xffd ff

.ARM.extab
 *(.ARM.extab* .gnu.linkonce.armextab.*)
                0x0000000008004000                . = ALIGN (0x4)
                0x0000000008004000                __exidx_start = .

.ARM.exidx
 *(.ARM.exidx* .gnu.linkonce.armexidx.*)
                0x0000000008004000                __exidx_end = .
                0x0000000008004000                . = ALIGN (0x4)
                0x0000000008004000                _etext = .
                0x0000000008004000                __etext = .

.data_CCMRAM    0x0000000010000000        0x0 load address 0x00000000080029cc
 FILL mask 0xff
 *(.data.CCMRAM .data.CCMRAM.*)
                0x0000000010000000                . = ALIGN (0x4)
                0x00000000080029cc                _sidata = LOADADDR (.data)

.data           0x0000000020000000       0xe4 load address 0x00000000080029cc
 FILL mask 0xff
                0x0000000020000000                _sdata = .
                0x0000000020000000                __data_start__ = .
 *(.data_begin .data_begin.*)
 *(.data .data.*)
 .data.argv.4743
                0x0000000020000000        0x8 ./system/src/newlib/_syscalls.o
 .data.SystemCoreClock
                0x0000000020000008        0x4 ./system/src/cmsis/system_stm32f0xx.o
                0x0000000020000008                SystemCoreClock
 .data.HID_MOUSE_ReportDesc
                0x000000002000000c       0x2f ./Middlewares/Src/usbd_hid.o
 *fill*         0x000000002000003b        0x1 ff
 .data.USBD_HID
                0x000000002000003c       0x38 ./Middlewares/Src/usbd_hid.o
                0x000000002000003c                USBD_HID
 .data.USBD_HID_CfgDesc
                0x0000000020000074       0x22 ./Middlewares/Src/usbd_hid.o
 *fill*         0x0000000020000096        0x2 ff
 .data.USBD_HID_Desc
                0x0000000020000098        0x9 ./Middlewares/Src/usbd_hid.o
 *fill*         0x00000000200000a1        0x3 ff
 .data.USBD_HID_DeviceQualifierDesc
                0x00000000200000a4        0xa ./Middlewares/Src/usbd_hid.o
 *fill*         0x00000000200000ae        0x2 ff
 .data.FS_Desc  0x00000000200000b0       0x1c ./Drivers/USB/Src/usbd_desc.o
                0x00000000200000b0                FS_Desc
 .data.USBD_FS_DeviceDesc
                0x00000000200000cc       0x12 ./Drivers/USB/Src/usbd_desc.o
                0x00000000200000cc                USBD_FS_DeviceDesc
 *fill*         0x00000000200000de        0x2 ff
 .data.USBD_LangIDDesc
                0x00000000200000e0        0x4 ./Drivers/USB/Src/usbd_desc.o
                0x00000000200000e0                USBD_LangIDDesc
 *(.data_end .data_end.*)
                0x00000000200000e4                . = ALIGN (0x4)
                0x00000000200000e4                _edata = .
                0x00000000200000e4                __data_end__ = .

.igot.plt       0x00000000200000e4        0x0 load address 0x0000000008002ab0
 .igot.plt      0x00000000200000e4        0x0 ./system/src/stm32f0xx/stm32f0xx_hal.o

.bss_CCMRAM     0x0000000010000000        0x0
 *(.bss.CCMRAM .bss.CCMRAM.*)

.bss            0x00000000200000e4      0x660
                0x00000000200000e4                __bss_start__ = .
                0x00000000200000e4                _sbss = .
 *(.bss_begin .bss_begin.*)
 *(.bss .bss.*)
 .bss.name.4742
                0x00000000200000e4        0x1 ./system/src/newlib/_syscalls.o
 .bss.cfgidx.7122
                0x00000000200000e5        0x1 ./Middlewares/Src/usbd_ctlreq.o
 *fill*         0x00000000200000e6        0x2 
 .bss.mem.7252  0x00000000200000e8       0x14 ./Drivers/USB/Src/usbd_conf.o
 *(COMMON)
 COMMON         0x00000000200000fc        0x4 ./system/src/stm32f0xx/stm32f0xx_hal.o
                0x00000000200000fc                uwTick
 COMMON         0x0000000020000100      0x224 ./Drivers/USB/Src/usb_device.o
                0x0000000020000100                hUsbDeviceFS
 COMMON         0x0000000020000324      0x220 ./Drivers/USB/Src/usbd_conf.o
                0x0000000020000324                hpcd_USB_FS
 COMMON         0x0000000020000544      0x200 ./Drivers/USB/Src/usbd_desc.o
                0x0000000020000544                USBD_StrDesc
 *(.bss_end .bss_end.*)
                0x0000000020000744                . = ALIGN (0x4)
                0x0000000020000744                __bss_end__ = .
                0x0000000020000744                _ebss = .

.noinit_CCMRAM
 *(.noinit.CCMRAM .noinit.CCMRAM.*)

.noinit         0x0000000020000744        0x0
                0x0000000020000744                _noinit = .
 *(.noinit .noinit.*)
                0x0000000020000744                . = ALIGN (0x4)
                0x0000000020000744                _end_noinit = .
                [!provide]                        PROVIDE (end, _end_noinit)
                [!provide]                        PROVIDE (_end, _end_noinit)
                [!provide]                        PROVIDE (__end, _end_noinit)
                [!provide]                        PROVIDE (__end__, _end_noinit)

._check_stack   0x0000000020000744      0x100
                0x0000000020000844                . = (. + _Minimum_Stack_Size)
 *fill*         0x0000000020000744      0x100 

.b1text
 *(.b1text)
 *(.b1rodata)
 *(.b1rodata.*)

.eb0text
 *(.eb0text)
 *(.eb0rodata)
 *(.eb0rodata.*)

.eb1text
 *(.eb1text)
 *(.eb1rodata)
 *(.eb1rodata.*)

.eb2text
 *(.eb2text)
 *(.eb2rodata)
 *(.eb2rodata.*)

.eb3text
 *(.eb3text)
 *(.eb3rodata)
 *(.eb3rodata.*)

.stab
 *(.stab)

.stabstr
 *(.stabstr)

.stab.excl
 *(.stab.excl)

.stab.exclstr
 *(.stab.exclstr)

.stab.index
 *(.stab.index)

.stab.indexstr
 *(.stab.indexstr)

.comment        0x0000000000000000       0x7f
 *(.comment)
 .comment       0x0000000000000000       0x7f ./system/src/stm32f0xx/stm32f0xx_hal.o
                                         0x80 (size before relaxing)
 .comment       0x000000000000007f       0x80 ./system/src/stm32f0xx/stm32f0xx_hal_cortex.o
 .comment       0x000000000000007f       0x80 ./system/src/stm32f0xx/stm32f0xx_hal_gpio.o
 .comment       0x000000000000007f       0x80 ./system/src/stm32f0xx/stm32f0xx_hal_pcd.o
 .comment       0x000000000000007f       0x80 ./system/src/stm32f0xx/stm32f0xx_hal_pcd_ex.o
 .comment       0x000000000000007f       0x80 ./system/src/stm32f0xx/stm32f0xx_hal_rcc.o
 .comment       0x000000000000007f       0x80 ./system/src/stm32f0xx/stm32f0xx_hal_rcc_ex.o
 .comment       0x000000000000007f       0x80 ./system/src/newlib/_exit.o
 .comment       0x000000000000007f       0x80 ./system/src/newlib/_startup.o
 .comment       0x000000000000007f       0x80 ./system/src/newlib/_syscalls.o
 .comment       0x000000000000007f       0x80 ./system/src/cortexm/_initialize_hardware.o
 .comment       0x000000000000007f       0x80 ./system/src/cortexm/_reset_hardware.o
 .comment       0x000000000000007f       0x80 ./system/src/cortexm/exception_handlers.o
 .comment       0x000000000000007f       0x80 ./system/src/cmsis/system_stm32f0xx.o
 .comment       0x000000000000007f       0x80 ./src/init.o
 .comment       0x000000000000007f       0x80 ./src/main.o
 .comment       0x000000000000007f       0x80 ./src/stm32f0xx_hal_msp.o
 .comment       0x000000000000007f       0x80 ./src/stm32f0xx_it.o
 .comment       0x000000000000007f       0x80 ./src/usb.o
 .comment       0x000000000000007f       0x80 ./Middlewares/Src/usbd_core.o
 .comment       0x000000000000007f       0x80 ./Middlewares/Src/usbd_ctlreq.o
 .comment       0x000000000000007f       0x80 ./Middlewares/Src/usbd_hid.o
 .comment       0x000000000000007f       0x80 ./Middlewares/Src/usbd_ioreq.o
 .comment       0x000000000000007f       0x80 ./Drivers/USB/Src/usb_device.o
 .comment       0x000000000000007f       0x80 ./Drivers/USB/Src/usbd_conf.o
 .comment       0x000000000000007f       0x80 ./Drivers/USB/Src/usbd_desc.o

.ARM.attributes
                0x0000000000000000       0x2f
 .ARM.attributes
                0x0000000000000000       0x31 ./system/src/stm32f0xx/stm32f0xx_hal.o
 .ARM.attributes
                0x0000000000000031       0x31 ./system/src/stm32f0xx/stm32f0xx_hal_cortex.o
 .ARM.attributes
                0x0000000000000062       0x31 ./system/src/stm32f0xx/stm32f0xx_hal_gpio.o
 .ARM.attributes
                0x0000000000000093       0x31 ./system/src/stm32f0xx/stm32f0xx_hal_pcd.o
 .ARM.attributes
                0x00000000000000c4       0x31 ./system/src/stm32f0xx/stm32f0xx_hal_pcd_ex.o
 .ARM.attributes
                0x00000000000000f5       0x31 ./system/src/stm32f0xx/stm32f0xx_hal_rcc.o
 .ARM.attributes
                0x0000000000000126       0x31 ./system/src/stm32f0xx/stm32f0xx_hal_rcc_ex.o
 .ARM.attributes
                0x0000000000000157       0x31 ./system/src/newlib/_exit.o
 .ARM.attributes
                0x0000000000000188       0x31 ./system/src/newlib/_startup.o
 .ARM.attributes
                0x00000000000001b9       0x31 ./system/src/newlib/_syscalls.o
 .ARM.attributes
                0x00000000000001ea       0x31 ./system/src/cortexm/_initialize_hardware.o
 .ARM.attributes
                0x000000000000021b       0x31 ./system/src/cortexm/_reset_hardware.o
 .ARM.attributes
                0x000000000000024c       0x31 ./system/src/cortexm/exception_handlers.o
 .ARM.attributes
                0x000000000000027d       0x21 ./system/src/cmsis/startup_stm32f042x6.o
 .ARM.attributes
                0x000000000000029e       0x31 ./system/src/cmsis/system_stm32f0xx.o
 .ARM.attributes
                0x00000000000002cf       0x31 ./src/init.o
 .ARM.attributes
                0x0000000000000300       0x31 ./src/main.o
 .ARM.attributes
                0x0000000000000331       0x31 ./src/stm32f0xx_hal_msp.o
 .ARM.attributes
                0x0000000000000362       0x31 ./src/stm32f0xx_it.o
 .ARM.attributes
                0x0000000000000393       0x31 ./src/usb.o
 .ARM.attributes
                0x00000000000003c4       0x31 ./Middlewares/Src/usbd_core.o
 .ARM.attributes
                0x00000000000003f5       0x31 ./Middlewares/Src/usbd_ctlreq.o
 .ARM.attributes
                0x0000000000000426       0x31 ./Middlewares/Src/usbd_hid.o
 .ARM.attributes
                0x0000000000000457       0x31 ./Middlewares/Src/usbd_ioreq.o
 .ARM.attributes
                0x0000000000000488       0x31 ./Drivers/USB/Src/usb_device.o
 .ARM.attributes
                0x00000000000004b9       0x31 ./Drivers/USB/Src/usbd_conf.o
 .ARM.attributes
                0x00000000000004ea       0x31 ./Drivers/USB/Src/usbd_desc.o
 .ARM.attributes
                0x000000000000051b       0x1e /home/cbeauduffe/eclipse/HardEclipseIDE/opt/gcc-arm-none-eabi-6-2017-q2-update/bin/../lib/gcc/arm-none-eabi/6.3.1/thumb/v6-m/libgcc.a(_thumb1_case_uqi.o)
 .ARM.attributes
                0x0000000000000539       0x1e /home/cbeauduffe/eclipse/HardEclipseIDE/opt/gcc-arm-none-eabi-6-2017-q2-update/bin/../lib/gcc/arm-none-eabi/6.3.1/thumb/v6-m/libgcc.a(_thumb1_case_uhi.o)
 .ARM.attributes
                0x0000000000000557       0x1e /home/cbeauduffe/eclipse/HardEclipseIDE/opt/gcc-arm-none-eabi-6-2017-q2-update/bin/../lib/gcc/arm-none-eabi/6.3.1/thumb/v6-m/libgcc.a(_udivsi3.o)
 .ARM.attributes
                0x0000000000000575       0x1e /home/cbeauduffe/eclipse/HardEclipseIDE/opt/gcc-arm-none-eabi-6-2017-q2-update/bin/../lib/gcc/arm-none-eabi/6.3.1/thumb/v6-m/libgcc.a(_dvmd_tls.o)
 .ARM.attributes
                0x0000000000000593       0x2c /home/cbeauduffe/eclipse/HardEclipseIDE/opt/gcc-arm-none-eabi-6-2017-q2-update/bin/../lib/gcc/arm-none-eabi/6.3.1/../../../../arm-none-eabi/lib/thumb/v6-m/libg_nano.a(lib_a-memcpy-stub.o)

.debug
 *(.debug)

.line
 *(.line)

.debug_srcinfo
 *(.debug_srcinfo)

.debug_sfnames
 *(.debug_sfnames)

.debug_aranges  0x0000000000000000      0x920
 *(.debug_aranges)
 .debug_aranges
                0x0000000000000000       0xb0 ./system/src/stm32f0xx/stm32f0xx_hal.o
 .debug_aranges
                0x00000000000000b0       0x78 ./system/src/stm32f0xx/stm32f0xx_hal_cortex.o
 .debug_aranges
                0x0000000000000128       0x58 ./system/src/stm32f0xx/stm32f0xx_hal_gpio.o
 .debug_aranges
                0x0000000000000180       0xd0 ./system/src/stm32f0xx/stm32f0xx_hal_pcd.o
 .debug_aranges
                0x0000000000000250       0x20 ./system/src/stm32f0xx/stm32f0xx_hal_pcd_ex.o
 .debug_aranges
                0x0000000000000270       0x80 ./system/src/stm32f0xx/stm32f0xx_hal_rcc.o
 .debug_aranges
                0x00000000000002f0       0x68 ./system/src/stm32f0xx/stm32f0xx_hal_rcc_ex.o
 .debug_aranges
                0x0000000000000358       0x28 ./system/src/newlib/_exit.o
 .debug_aranges
                0x0000000000000380       0x40 ./system/src/newlib/_startup.o
 .debug_aranges
                0x00000000000003c0       0x90 ./system/src/newlib/_syscalls.o
 .debug_aranges
                0x0000000000000450       0x28 ./system/src/cortexm/_initialize_hardware.o
 .debug_aranges
                0x0000000000000478       0x20 ./system/src/cortexm/_reset_hardware.o
 .debug_aranges
                0x0000000000000498       0x50 ./system/src/cortexm/exception_handlers.o
 .debug_aranges
                0x00000000000004e8       0x28 ./system/src/cmsis/startup_stm32f042x6.o
 .debug_aranges
                0x0000000000000510       0x28 ./system/src/cmsis/system_stm32f0xx.o
 .debug_aranges
                0x0000000000000538       0x28 ./src/init.o
 .debug_aranges
                0x0000000000000560       0x20 ./src/main.o
 .debug_aranges
                0x0000000000000580       0x20 ./src/stm32f0xx_hal_msp.o
 .debug_aranges
                0x00000000000005a0       0x38 ./src/stm32f0xx_it.o
 .debug_aranges
                0x00000000000005d8       0x28 ./src/usb.o
 .debug_aranges
                0x0000000000000600       0xa8 ./Middlewares/Src/usbd_core.o
 .debug_aranges
                0x00000000000006a8       0x50 ./Middlewares/Src/usbd_ctlreq.o
 .debug_aranges
                0x00000000000006f8       0x58 ./Middlewares/Src/usbd_hid.o
 .debug_aranges
                0x0000000000000750       0x50 ./Middlewares/Src/usbd_ioreq.o
 .debug_aranges
                0x00000000000007a0       0x20 ./Drivers/USB/Src/usb_device.o
 .debug_aranges
                0x00000000000007c0      0x110 ./Drivers/USB/Src/usbd_conf.o
 .debug_aranges
                0x00000000000008d0       0x50 ./Drivers/USB/Src/usbd_desc.o

.debug_pubnames
 *(.debug_pubnames)

.debug_info     0x0000000000000000    0x16b51
 *(.debug_info .gnu.linkonce.wi.*)
 .debug_info    0x0000000000000000      0xe76 ./system/src/stm32f0xx/stm32f0xx_hal.o
 .debug_info    0x0000000000000e76     0x1015 ./system/src/stm32f0xx/stm32f0xx_hal_cortex.o
 .debug_info    0x0000000000001e8b      0xe6d ./system/src/stm32f0xx/stm32f0xx_hal_gpio.o
 .debug_info    0x0000000000002cf8     0x1b36 ./system/src/stm32f0xx/stm32f0xx_hal_pcd.o
 .debug_info    0x000000000000482e      0xdbd ./system/src/stm32f0xx/stm32f0xx_hal_pcd_ex.o
 .debug_info    0x00000000000055eb     0x11c2 ./system/src/stm32f0xx/stm32f0xx_hal_rcc.o
 .debug_info    0x00000000000067ad      0xecc ./system/src/stm32f0xx/stm32f0xx_hal_rcc_ex.o
 .debug_info    0x0000000000007679      0x967 ./system/src/newlib/_exit.o
 .debug_info    0x0000000000007fe0      0x3d1 ./system/src/newlib/_startup.o
 .debug_info    0x00000000000083b1     0x115a ./system/src/newlib/_syscalls.o
 .debug_info    0x000000000000950b      0x14e ./system/src/cortexm/_initialize_hardware.o
 .debug_info    0x0000000000009659      0x20a ./system/src/cortexm/_reset_hardware.o
 .debug_info    0x0000000000009863      0xa70 ./system/src/cortexm/exception_handlers.o
 .debug_info    0x000000000000a2d3       0x84 ./system/src/cmsis/startup_stm32f042x6.o
 .debug_info    0x000000000000a357      0x24e ./system/src/cmsis/system_stm32f0xx.o
 .debug_info    0x000000000000a5a5      0xf77 ./src/init.o
 .debug_info    0x000000000000b51c      0xb32 ./src/main.o
 .debug_info    0x000000000000c04e      0xba3 ./src/stm32f0xx_hal_msp.o
 .debug_info    0x000000000000cbf1      0xdc7 ./src/stm32f0xx_it.o
 .debug_info    0x000000000000d9b8      0xdff ./src/usb.o
 .debug_info    0x000000000000e7b7     0x146d ./Middlewares/Src/usbd_core.o
 .debug_info    0x000000000000fc24     0x149f ./Middlewares/Src/usbd_ctlreq.o
 .debug_info    0x00000000000110c3     0x1124 ./Middlewares/Src/usbd_hid.o
 .debug_info    0x00000000000121e7      0xfae ./Middlewares/Src/usbd_ioreq.o
 .debug_info    0x0000000000013195      0xd94 ./Drivers/USB/Src/usb_device.o
 .debug_info    0x0000000000013f29     0x1ed5 ./Drivers/USB/Src/usbd_conf.o
 .debug_info    0x0000000000015dfe      0xd53 ./Drivers/USB/Src/usbd_desc.o

.debug_abbrev   0x0000000000000000     0x3fa4
 *(.debug_abbrev)
 .debug_abbrev  0x0000000000000000      0x309 ./system/src/stm32f0xx/stm32f0xx_hal.o
 .debug_abbrev  0x0000000000000309      0x333 ./system/src/stm32f0xx/stm32f0xx_hal_cortex.o
 .debug_abbrev  0x000000000000063c      0x2af ./system/src/stm32f0xx/stm32f0xx_hal_gpio.o
 .debug_abbrev  0x00000000000008eb      0x408 ./system/src/stm32f0xx/stm32f0xx_hal_pcd.o
 .debug_abbrev  0x0000000000000cf3      0x204 ./system/src/stm32f0xx/stm32f0xx_hal_pcd_ex.o
 .debug_abbrev  0x0000000000000ef7      0x322 ./system/src/stm32f0xx/stm32f0xx_hal_rcc.o
 .debug_abbrev  0x0000000000001219      0x304 ./system/src/stm32f0xx/stm32f0xx_hal_rcc_ex.o
 .debug_abbrev  0x000000000000151d      0x210 ./system/src/newlib/_exit.o
 .debug_abbrev  0x000000000000172d      0x173 ./system/src/newlib/_startup.o
 .debug_abbrev  0x00000000000018a0      0x339 ./system/src/newlib/_syscalls.o
 .debug_abbrev  0x0000000000001bd9       0x97 ./system/src/cortexm/_initialize_hardware.o
 .debug_abbrev  0x0000000000001c70       0xfc ./system/src/cortexm/_reset_hardware.o
 .debug_abbrev  0x0000000000001d6c      0x1f7 ./system/src/cortexm/exception_handlers.o
 .debug_abbrev  0x0000000000001f63       0x12 ./system/src/cmsis/startup_stm32f042x6.o
 .debug_abbrev  0x0000000000001f75       0xfd ./system/src/cmsis/system_stm32f0xx.o
 .debug_abbrev  0x0000000000002072      0x2a9 ./src/init.o
 .debug_abbrev  0x000000000000231b      0x242 ./src/main.o
 .debug_abbrev  0x000000000000255d      0x22d ./src/stm32f0xx_hal_msp.o
 .debug_abbrev  0x000000000000278a      0x259 ./src/stm32f0xx_it.o
 .debug_abbrev  0x00000000000029e3      0x248 ./src/usb.o
 .debug_abbrev  0x0000000000002c2b      0x353 ./Middlewares/Src/usbd_core.o
 .debug_abbrev  0x0000000000002f7e      0x3b9 ./Middlewares/Src/usbd_ctlreq.o
 .debug_abbrev  0x0000000000003337      0x293 ./Middlewares/Src/usbd_hid.o
 .debug_abbrev  0x00000000000035ca      0x209 ./Middlewares/Src/usbd_ioreq.o
 .debug_abbrev  0x00000000000037d3      0x203 ./Drivers/USB/Src/usb_device.o
 .debug_abbrev  0x00000000000039d6      0x326 ./Drivers/USB/Src/usbd_conf.o
 .debug_abbrev  0x0000000000003cfc      0x2a8 ./Drivers/USB/Src/usbd_desc.o

.debug_line     0x0000000000000000     0x637b
 *(.debug_line)
 .debug_line    0x0000000000000000      0x46f ./system/src/stm32f0xx/stm32f0xx_hal.o
 .debug_line    0x000000000000046f      0x41f ./system/src/stm32f0xx/stm32f0xx_hal_cortex.o
 .debug_line    0x000000000000088e      0x44e ./system/src/stm32f0xx/stm32f0xx_hal_gpio.o
 .debug_line    0x0000000000000cdc      0x8be ./system/src/stm32f0xx/stm32f0xx_hal_pcd.o
 .debug_line    0x000000000000159a      0x2e8 ./system/src/stm32f0xx/stm32f0xx_hal_pcd_ex.o
 .debug_line    0x0000000000001882      0x628 ./system/src/stm32f0xx/stm32f0xx_hal_rcc.o
 .debug_line    0x0000000000001eaa      0x54f ./system/src/stm32f0xx/stm32f0xx_hal_rcc_ex.o
 .debug_line    0x00000000000023f9      0x231 ./system/src/newlib/_exit.o
 .debug_line    0x000000000000262a      0x108 ./system/src/newlib/_startup.o
 .debug_line    0x0000000000002732      0x3a5 ./system/src/newlib/_syscalls.o
 .debug_line    0x0000000000002ad7      0x1c2 ./system/src/cortexm/_initialize_hardware.o
 .debug_line    0x0000000000002c99      0x1d9 ./system/src/cortexm/_reset_hardware.o
 .debug_line    0x0000000000002e72      0x2c9 ./system/src/cortexm/exception_handlers.o
 .debug_line    0x000000000000313b       0x9e ./system/src/cmsis/startup_stm32f042x6.o
 .debug_line    0x00000000000031d9      0x206 ./system/src/cmsis/system_stm32f0xx.o
 .debug_line    0x00000000000033df      0x370 ./src/init.o
 .debug_line    0x000000000000374f      0x32d ./src/main.o
 .debug_line    0x0000000000003a7c      0x2bc ./src/stm32f0xx_hal_msp.o
 .debug_line    0x0000000000003d38      0x31c ./src/stm32f0xx_it.o
 .debug_line    0x0000000000004054      0x3b6 ./src/usb.o
 .debug_line    0x000000000000440a      0x50a ./Middlewares/Src/usbd_core.o
 .debug_line    0x0000000000004914      0x499 ./Middlewares/Src/usbd_ctlreq.o
 .debug_line    0x0000000000004dad      0x457 ./Middlewares/Src/usbd_hid.o
 .debug_line    0x0000000000005204      0x38f ./Middlewares/Src/usbd_ioreq.o
 .debug_line    0x0000000000005593      0x37b ./Drivers/USB/Src/usb_device.o
 .debug_line    0x000000000000590e      0x697 ./Drivers/USB/Src/usbd_conf.o
 .debug_line    0x0000000000005fa5      0x3d6 ./Drivers/USB/Src/usbd_desc.o

.debug_frame    0x0000000000000000     0x15d8
 *(.debug_frame)
 .debug_frame   0x0000000000000000      0x178 ./system/src/stm32f0xx/stm32f0xx_hal.o
 .debug_frame   0x0000000000000178       0xe4 ./system/src/stm32f0xx/stm32f0xx_hal_cortex.o
 .debug_frame   0x000000000000025c       0xc0 ./system/src/stm32f0xx/stm32f0xx_hal_gpio.o
 .debug_frame   0x000000000000031c      0x2e8 ./system/src/stm32f0xx/stm32f0xx_hal_pcd.o
 .debug_frame   0x0000000000000604       0x2c ./system/src/stm32f0xx/stm32f0xx_hal_pcd_ex.o
 .debug_frame   0x0000000000000630      0x134 ./system/src/stm32f0xx/stm32f0xx_hal_rcc.o
 .debug_frame   0x0000000000000764      0x104 ./system/src/stm32f0xx/stm32f0xx_hal_rcc_ex.o
 .debug_frame   0x0000000000000868       0x40 ./system/src/newlib/_exit.o
 .debug_frame   0x00000000000008a8       0x88 ./system/src/newlib/_startup.o
 .debug_frame   0x0000000000000930      0x230 ./system/src/newlib/_syscalls.o
 .debug_frame   0x0000000000000b60       0x40 ./system/src/cortexm/_initialize_hardware.o
 .debug_frame   0x0000000000000ba0       0x20 ./system/src/cortexm/_reset_hardware.o
 .debug_frame   0x0000000000000bc0       0x80 ./system/src/cortexm/exception_handlers.o
 .debug_frame   0x0000000000000c40       0x3c ./system/src/cmsis/system_stm32f0xx.o
 .debug_frame   0x0000000000000c7c       0x48 ./src/init.o
 .debug_frame   0x0000000000000cc4       0x28 ./src/main.o
 .debug_frame   0x0000000000000cec       0x2c ./src/stm32f0xx_hal_msp.o
 .debug_frame   0x0000000000000d18       0x80 ./src/stm32f0xx_it.o
 .debug_frame   0x0000000000000d98       0x4c ./src/usb.o
 .debug_frame   0x0000000000000de4      0x1c4 ./Middlewares/Src/usbd_core.o
 .debug_frame   0x0000000000000fa8       0xc4 ./Middlewares/Src/usbd_ctlreq.o
 .debug_frame   0x000000000000106c       0xb8 ./Middlewares/Src/usbd_hid.o
 .debug_frame   0x0000000000001124       0xb8 ./Middlewares/Src/usbd_ioreq.o
 .debug_frame   0x00000000000011dc       0x28 ./Drivers/USB/Src/usb_device.o
 .debug_frame   0x0000000000001204      0x2e4 ./Drivers/USB/Src/usbd_conf.o
 .debug_frame   0x00000000000014e8       0xa8 ./Drivers/USB/Src/usbd_desc.o
 .debug_frame   0x0000000000001590       0x20 /home/cbeauduffe/eclipse/HardEclipseIDE/opt/gcc-arm-none-eabi-6-2017-q2-update/bin/../lib/gcc/arm-none-eabi/6.3.1/thumb/v6-m/libgcc.a(_udivsi3.o)
 .debug_frame   0x00000000000015b0       0x28 /home/cbeauduffe/eclipse/HardEclipseIDE/opt/gcc-arm-none-eabi-6-2017-q2-update/bin/../lib/gcc/arm-none-eabi/6.3.1/../../../../arm-none-eabi/lib/thumb/v6-m/libg_nano.a(lib_a-memcpy-stub.o)

.debug_str      0x0000000000000000     0x2bfd
 *(.debug_str)
 .debug_str     0x0000000000000000      0x99f ./system/src/stm32f0xx/stm32f0xx_hal.o
                                        0xa40 (size before relaxing)
 .debug_str     0x000000000000099f      0x1ec ./system/src/stm32f0xx/stm32f0xx_hal_cortex.o
                                        0xa48 (size before relaxing)
 .debug_str     0x0000000000000b8b      0x1ba ./system/src/stm32f0xx/stm32f0xx_hal_gpio.o
                                        0x84f (size before relaxing)
 .debug_str     0x0000000000000d45      0x65a ./system/src/stm32f0xx/stm32f0xx_hal_pcd.o
                                        0xcdb (size before relaxing)
 .debug_str     0x000000000000139f       0x4b ./system/src/stm32f0xx/stm32f0xx_hal_pcd_ex.o
                                        0x948 (size before relaxing)
 .debug_str     0x00000000000013ea      0x2e6 ./system/src/stm32f0xx/stm32f0xx_hal_rcc.o
                                        0xa3a (size before relaxing)
 .debug_str     0x00000000000016d0      0x354 ./system/src/stm32f0xx/stm32f0xx_hal_rcc_ex.o
                                        0xa41 (size before relaxing)
 .debug_str     0x0000000000001a24       0x75 ./system/src/newlib/_exit.o
                                        0x603 (size before relaxing)
 .debug_str     0x0000000000001a99      0x16d ./system/src/newlib/_startup.o
                                        0x335 (size before relaxing)
 .debug_str     0x0000000000001c06      0x289 ./system/src/newlib/_syscalls.o
                                        0x8ca (size before relaxing)
 .debug_str     0x0000000000001e8f       0x5e ./system/src/cortexm/_initialize_hardware.o
                                        0x277 (size before relaxing)
 .debug_str     0x0000000000001eed       0x28 ./system/src/cortexm/_reset_hardware.o
                                        0x271 (size before relaxing)
 .debug_str     0x0000000000001f15       0xb0 ./system/src/cortexm/exception_handlers.o
                                        0x6b1 (size before relaxing)
 .debug_str     0x0000000000001fc5       0x27 ./system/src/cmsis/system_stm32f0xx.o
                                        0x2a1 (size before relaxing)
 .debug_str     0x0000000000001fec       0x47 ./src/init.o
                                        0xb1d (size before relaxing)
 .debug_str     0x0000000000002033       0x30 ./src/main.o
                                        0x67f (size before relaxing)
 .debug_str     0x0000000000002063       0x1b ./src/stm32f0xx_hal_msp.o
                                        0x82e (size before relaxing)
 .debug_str     0x000000000000207e       0x31 ./src/stm32f0xx_it.o
                                        0x968 (size before relaxing)
 .debug_str     0x00000000000020af      0x368 ./src/usb.o
                                        0x9df (size before relaxing)
 .debug_str     0x0000000000002417      0x2d4 ./Middlewares/Src/usbd_core.o
                                        0xc50 (size before relaxing)
 .debug_str     0x00000000000026eb      0x11e ./Middlewares/Src/usbd_ctlreq.o
                                        0xb6a (size before relaxing)
 .debug_str     0x0000000000002809      0x1c0 ./Middlewares/Src/usbd_hid.o
                                        0xbb9 (size before relaxing)
 .debug_str     0x00000000000029c9       0x58 ./Middlewares/Src/usbd_ioreq.o
                                        0xa97 (size before relaxing)
 .debug_str     0x0000000000002a21       0x20 ./Drivers/USB/Src/usb_device.o
                                        0x9e9 (size before relaxing)
 .debug_str     0x0000000000002a41       0xa2 ./Drivers/USB/Src/usbd_conf.o
                                       0x141c (size before relaxing)
 .debug_str     0x0000000000002ae3      0x11a ./Drivers/USB/Src/usbd_desc.o
                                        0x838 (size before relaxing)

.debug_loc      0x0000000000000000     0x49dc
 *(.debug_loc)
 .debug_loc     0x0000000000000000       0x7c ./system/src/stm32f0xx/stm32f0xx_hal.o
 .debug_loc     0x000000000000007c      0x3cc ./system/src/stm32f0xx/stm32f0xx_hal_cortex.o
 .debug_loc     0x0000000000000448      0x331 ./system/src/stm32f0xx/stm32f0xx_hal_gpio.o
 .debug_loc     0x0000000000000779     0x1248 ./system/src/stm32f0xx/stm32f0xx_hal_pcd.o
 .debug_loc     0x00000000000019c1       0xf8 ./system/src/stm32f0xx/stm32f0xx_hal_pcd_ex.o
 .debug_loc     0x0000000000001ab9      0x47c ./system/src/stm32f0xx/stm32f0xx_hal_rcc.o
 .debug_loc     0x0000000000001f35      0x546 ./system/src/stm32f0xx/stm32f0xx_hal_rcc_ex.o
 .debug_loc     0x000000000000247b       0x21 ./system/src/newlib/_exit.o
 .debug_loc     0x000000000000249c      0x19d ./system/src/newlib/_startup.o
 .debug_loc     0x0000000000002639      0x39c ./system/src/newlib/_syscalls.o
 .debug_loc     0x00000000000029d5       0xe7 ./system/src/cmsis/system_stm32f0xx.o
 .debug_loc     0x0000000000002abc       0x3d ./src/main.o
 .debug_loc     0x0000000000002af9       0x5a ./src/usb.o
 .debug_loc     0x0000000000002b53      0x5a8 ./Middlewares/Src/usbd_core.o
 .debug_loc     0x00000000000030fb      0x683 ./Middlewares/Src/usbd_ctlreq.o
 .debug_loc     0x000000000000377e      0x431 ./Middlewares/Src/usbd_hid.o
 .debug_loc     0x0000000000003baf      0x23c ./Middlewares/Src/usbd_ioreq.o
 .debug_loc     0x0000000000003deb      0x97e ./Drivers/USB/Src/usbd_conf.o
 .debug_loc     0x0000000000004769      0x273 ./Drivers/USB/Src/usbd_desc.o

.debug_macinfo
 *(.debug_macinfo)

.debug_weaknames
 *(.debug_weaknames)

.debug_funcnames
 *(.debug_funcnames)

.debug_typenames
 *(.debug_typenames)

.debug_varnames
 *(.debug_varnames)
OUTPUT(vigilant-winner.elf elf32-littlearm)

.debug_ranges   0x0000000000000000      0xcb8
 .debug_ranges  0x0000000000000000       0xa0 ./system/src/stm32f0xx/stm32f0xx_hal.o
 .debug_ranges  0x00000000000000a0      0x120 ./system/src/stm32f0xx/stm32f0xx_hal_cortex.o
 .debug_ranges  0x00000000000001c0       0x70 ./system/src/stm32f0xx/stm32f0xx_hal_gpio.o
 .debug_ranges  0x0000000000000230      0x2e0 ./system/src/stm32f0xx/stm32f0xx_hal_pcd.o
 .debug_ranges  0x0000000000000510       0x10 ./system/src/stm32f0xx/stm32f0xx_hal_pcd_ex.o
 .debug_ranges  0x0000000000000520       0xb8 ./system/src/stm32f0xx/stm32f0xx_hal_rcc.o
 .debug_ranges  0x00000000000005d8       0x78 ./system/src/stm32f0xx/stm32f0xx_hal_rcc_ex.o
 .debug_ranges  0x0000000000000650       0x18 ./system/src/newlib/_exit.o
 .debug_ranges  0x0000000000000668       0x98 ./system/src/newlib/_startup.o
 .debug_ranges  0x0000000000000700       0x80 ./system/src/newlib/_syscalls.o
 .debug_ranges  0x0000000000000780       0x18 ./system/src/cortexm/_initialize_hardware.o
 .debug_ranges  0x0000000000000798       0x10 ./system/src/cortexm/_reset_hardware.o
 .debug_ranges  0x00000000000007a8       0x40 ./system/src/cortexm/exception_handlers.o
 .debug_ranges  0x00000000000007e8       0x20 ./system/src/cmsis/startup_stm32f042x6.o
 .debug_ranges  0x0000000000000808       0x18 ./system/src/cmsis/system_stm32f0xx.o
 .debug_ranges  0x0000000000000820       0x48 ./src/init.o
 .debug_ranges  0x0000000000000868       0x28 ./src/main.o
 .debug_ranges  0x0000000000000890       0x40 ./src/stm32f0xx_hal_msp.o
 .debug_ranges  0x00000000000008d0       0x28 ./src/stm32f0xx_it.o
 .debug_ranges  0x00000000000008f8       0x18 ./src/usb.o
 .debug_ranges  0x0000000000000910       0x98 ./Middlewares/Src/usbd_core.o
 .debug_ranges  0x00000000000009a8       0xb8 ./Middlewares/Src/usbd_ctlreq.o
 .debug_ranges  0x0000000000000a60       0x48 ./Middlewares/Src/usbd_hid.o
 .debug_ranges  0x0000000000000aa8       0x40 ./Middlewares/Src/usbd_ioreq.o
 .debug_ranges  0x0000000000000ae8       0x10 ./Drivers/USB/Src/usb_device.o
 .debug_ranges  0x0000000000000af8      0x120 ./Drivers/USB/Src/usbd_conf.o
 .debug_ranges  0x0000000000000c18       0xa0 ./Drivers/USB/Src/usbd_desc.o
